{
  "title": "Why doesn't binwalk see the filesystems in this Eufy Home Base 2 flash dump?",
  "link": "https://reverseengineering.stackexchange.com/questions/25534/why-doesnt-binwalk-see-the-filesystems-in-this-eufy-home-base-2-flash-dump",
  "content": "This teardown:\nhttps://electronics-teardowns.blogspot.com/2020/07/eufy-homebase2-teardown.html\n\nGives a flash dump for the Eufy Home Base 2 here: https://anonymousfiles.io/Ve9y3cL4/\n\nWith this partition table:\n\n```\n[    0.472000] Creating 12 MTD partitions on \"raspi\":\n[    0.480000] 0x000000000000-0x000002000000 : \"ALL\"\n[    0.484000] 0x000000000000-0x000000030000 : \"Bootloader\"\n[    0.492000] 0x000000030000-0x000000040000 : \"Config\"\n[    0.500000] 0x000000040000-0x000000050000 : \"Factory\"\n[    0.504000] 0x000000050000-0x0000002e02cd : \"Kernel\"\n[    0.512000] mtd: partition \"Kernel\" doesn't end on an erase block -- force read-only\n[    0.520000] 0x0000002e02cd-0x000000e50000 : \"RootFS\"\n[    0.524000] mtd: partition \"RootFS\" doesn't start on an erase block boundary -- force read-only\n[    0.536000] 0x000000050000-0x000000e50000 : \"Kernel_RootFS\"\n[    0.544000] 0x000000e50000-0x000000e60000 : \"device_info\"\n[    0.552000] 0x000000e60000-0x000000e70000 : \"ocean_custom\"\n[    0.560000] 0x000000e70000-0x000000f40000 : \"Kernel2\"\n[    0.564000] 0x000000f40000-0x000001440000 : \"RootFS2\"\n[    0.572000] 0x000001440000-0x000002000000 : \"user_fs_jffs2\"\n\n```\nBut binwalk, file, unsquashfs, etc., can't seem to find filesystems at those offsets.  Eg., binwalk just sees a bunch of xz data (which often decompresses into MIPS binaries, but not a filesystem):\n\n```\n$ binwalk mtd0 |head\n\nDECIMAL       HEXADECIMAL     DESCRIPTION\n--------------------------------------------------------------------------------\n83600         0x14690         U-Boot version string, \"U-Boot 1.1.3 (Nov  6 2018 - 17:19:03)\"\n327680        0x50000         uImage header, header size: 64 bytes, header CRC: 0xD3931108, created: 2020-05-09 09:54:47, image size: 13185677 bytes, Data Address: 0x80000000, Entry Point: 0x805E9280, data CRC: 0x62435970, OS: Linux, CPU: MIPS, image type: OS Kernel Image, compression type: lzma, image name: \"Linux Kernel Image\"\n327744        0x50040         LZMA compressed data, properties: 0x5D, dictionary size: 33554432 bytes, uncompressed size: 8125672 bytes\n3015469       0x2E032D        xz compressed data\n3064741       0x2EC3A5        xz compressed data\n3112893       0x2F7FBD        xz compressed data\n3164133       0x3047E5        xz compressed data\n...\n\n```\nI'd like to study the various rootfs filesytems listed in the partition table.  What am I missing?\n\n",
  "votes": "1",
  "answers": 1,
  "views": "457",
  "tags": [
    "file-format",
    "mips",
    "flash"
  ],
  "user": "winston_smith",
  "time": "Jul 23, 2020 at 4:00",
  "comments": [
    {
      "user": "multithr3at3d",
      "text": "If you use binwalk's extract options, pay attention to any errors. It's possible you are missing some of the manually installable dependencies that may be needed (e.g. sasquatch for custom squashfs).",
      "time": null
    },
    {
      "user": "julian",
      "text": "@InformedA your comment was removed due to violating the Code of Conduct.",
      "time": null
    }
  ],
  "answers_data": [
    {
      "content": "binwalk scans files for magic bytes. Data that does not have a signature defined for it will not be found by a signature scan.\n\nIt appears no signature is defined for RootFS file systems (the hits for rootfs below are labels for offsets in TRX headers):\n\n\n\nExample entries for SquashFS file systems signatures, for reference:\n\n\n\n",
      "votes": "0",
      "user": "julian",
      "time": "Jul 24, 2020 at 22:39",
      "is_accepted": true,
      "comments": []
    }
  ]
}