{
    "title": "How to get root access on Linux embedded system?",
    "link": "https://reverseengineering.stackexchange.com/questions/27931/how-to-get-root-access-on-linux-embedded-system",
    "content": "<div class=\"s-prose js-post-body\" itemprop=\"text\">\n<p>I've saved from the trash bin an embedded system using an OPOS6UL (<a href=\"http://www.armadeus.org/wiki/index.php?title=OPOS6UL\" rel=\"nofollow noreferrer\">http://www.armadeus.org/wiki/index.php?title=OPOS6UL</a>) as Single Board Computer.\nIt was easy to get an UART console, but I cannot log in because I don't know the password.</p>\n<p>What can be ways to get root access ?</p>\n<p>I think :</p>\n<ul>\n<li>try common passwords/development kit default password =&gt; not working</li>\n<li>brute-force the password : too long, I have to wait several seconds between retries</li>\n<li>dump the eMMC to read /etc/passwd : hardware dump is impossible, is it possible from u-boot ?</li>\n<li>any other idea ?</li>\n</ul>\n<p>Here is the boot log :</p>\n<pre><code>U-Boot SPL 2016.05 (Sep 22 2017 - 16:24:46)\nTrying to boot from MMC1\n\n\nU-Boot 2016.05 (Sep 22 2017 - 16:24:46 +0200)\n\nCPU:   Freescale i.MX6UL rev1.1 at 396 MHz\nReset cause: POR\nBoard: OPOS6UL\nDRAM:  256 MiB\nMMC:   FSL_SDHC: 0\nVideo: 800x480x18\nNet:   FEC [PRIME]\nHit any key to stop autoboot:  0\n1152122 bytes read in 140 ms (7.8 MiB/s)\n5243120 bytes read in 265 ms (18.9 MiB/s)\n27370 bytes read in 116 ms (229.5 KiB/s)\nKernel image @ 0x82000000 [ 0x000000 - 0x5000f0 ]\n## Flattened Device Tree blob at 88000000\n   Booting using the fdt blob at 0x88000000\n   Using Device Tree in place at 88000000, end 88009ae9\n\nStarting kernel ...\n\n[    0.000000] Booting Linux on physical CPU 0x0\n[    0.000000] Linux version 4.8.10 (microlide@dev-armadeus) (gcc version 6.2.1 20161016 (Linaro GCC 6.2-2016.11) ) #1 PREEMPT Mon Oct 23 18:04:19 CEST 2017\n[    0.000000] CPU: ARMv7 Processor [410fc075] revision 5 (ARMv7), cr=10c53c7d\n[    0.000000] CPU: div instructions available: patching division code\n[    0.000000] CPU: PIPT / VIPT nonaliasing data cache, VIPT aliasing instruction cache\n[    0.000000] OF: fdt:Machine model: Armadeus Systems OPOS6UL SoM on OPOS6ULDev board\n[    0.000000] cma: Reserved 16 MiB at 0x8f000000\n[    0.000000] Memory policy: Data cache writeback\n[    0.000000] CPU: All CPU(s) started in SVC mode.\n[    0.000000] Built 1 zonelists in Zone order, mobility grouping on.  Total pages: 65024\n[    0.000000] Kernel command line: console=ttymxc0,115200 root=/dev/mmcblk0p2 ro rootfstype=ext4 rootwait\n[    0.000000] PID hash table entries: 1024 (order: 0, 4096 bytes)\n[    0.000000] Dentry cache hash table entries: 32768 (order: 5, 131072 bytes)\n[    0.000000] Inode-cache hash table entries: 16384 (order: 4, 65536 bytes)\n[    0.000000] Memory: 222416K/262144K available (8192K kernel code, 365K rwdata, 2296K rodata, 1024K init, 8206K bss, 23344K reserved, 16384K cma-reserved, 0K highmem)\n[    0.000000] Virtual kernel memory layout:\n[    0.000000]     vector  : 0xffff0000 - 0xffff1000   (   4 kB)\n[    0.000000]     fixmap  : 0xffc00000 - 0xfff00000   (3072 kB)\n[    0.000000]     vmalloc : 0xd0800000 - 0xff800000   ( 752 MB)\n[    0.000000]     lowmem  : 0xc0000000 - 0xd0000000   ( 256 MB)\n[    0.000000]     pkmap   : 0xbfe00000 - 0xc0000000   (   2 MB)\n[    0.000000]     modules : 0xbf000000 - 0xbfe00000   (  14 MB)\n[    0.000000]       .text : 0xc0008000 - 0xc0900000   (9184 kB)\n[    0.000000]       .init : 0xc0c00000 - 0xc0d00000   (1024 kB)\n[    0.000000]       .data : 0xc0d00000 - 0xc0d5b6c0   ( 366 kB)\n[    0.000000]        .bss : 0xc0d5d000 - 0xc1560bc0   (8207 kB)\n[    0.000000] SLUB: HWalign=64, Order=0-3, MinObjects=0, CPUs=1, Nodes=1\n[    0.000000] Running RCU self tests\n[    0.000000] Preemptible hierarchical RCU implementation.\n[    0.000000]  RCU lockdep checking is enabled.\n[    0.000000]  Build-time adjustment of leaf fanout to 32.\n[    0.000000] NR_IRQS:16 nr_irqs:16 16\n[    0.000000] Switching to timer-based delay loop, resolution 41ns\n[    0.000018] sched_clock: 32 bits at 24MHz, resolution 41ns, wraps every 89478484971ns\n[    0.000068] clocksource: mxc_timer1: mask: 0xffffffff max_cycles: 0xffffffff, max_idle_ns: 79635851949 ns\n[    0.002539] Console: colour dummy device 80x30\n[    0.002617] Lock dependency validator: Copyright (c) 2006 Red Hat, Inc., Ingo Molnar\n[    0.002645] ... MAX_LOCKDEP_SUBCLASSES:  8\n[    0.002669] ... MAX_LOCK_DEPTH:          48\n[    0.002692] ... MAX_LOCKDEP_KEYS:        8191\n[    0.002714] ... CLASSHASH_SIZE:          4096\n[    0.002734] ... MAX_LOCKDEP_ENTRIES:     32768\n[    0.002756] ... MAX_LOCKDEP_CHAINS:      65536\n[    0.002777] ... CHAINHASH_SIZE:          32768\n[    0.002797]  memory used by lock dependency info: 5167 kB\n[    0.002820]  per task-struct memory footprint: 1536 bytes\n[    0.002902] Calibrating delay loop (skipped), value calculated using timer frequency.. 48.00 BogoMIPS (lpj=240000)\n[    0.002951] pid_max: default: 32768 minimum: 301\n[    0.003414] Mount-cache hash table entries: 1024 (order: 0, 4096 bytes)\n[    0.003453] Mountpoint-cache hash table entries: 1024 (order: 0, 4096 bytes)\n[    0.007619] CPU: Testing write buffer coherency: ok\n[    0.009185] Setting up static identity map for 0x80100000 - 0x80100058\n[    0.018704] devtmpfs: initialized\n[    0.075673] VFP support v0.3: implementor 41 architecture 2 part 30 variant 7 rev 5\n[    0.077702] clocksource: jiffies: mask: 0xffffffff max_cycles: 0xffffffff, max_idle_ns: 19112604462750000 ns\n[    0.079738] pinctrl core: initialized pinctrl subsystem\n[    0.088450] NET: Registered protocol family 16\n[    0.096017] DMA: preallocated 256 KiB pool for atomic coherent allocations\n[    0.121662] cpuidle: using governor menu\n[    0.235335] No ATAGs?\n[    0.235421] hw-breakpoint: found 5 (+1 reserved) breakpoint and 4 watchpoint registers.\n[    0.235466] hw-breakpoint: maximum watchpoint size is 8 bytes.\n[    0.239662] imx6ul-pinctrl 20e0000.iomuxc: initialized IMX pinctrl driver\n[    0.342756] mxs-dma 1804000.dma-apbh: initialized\n[    0.354723] SCSI subsystem initialized\n[    0.356743] usbcore: registered new interface driver usbfs\n[    0.357205] usbcore: registered new interface driver hub\n[    0.357732] usbcore: registered new device driver usb\n[    0.371759] i2c i2c-0: IMX I2C adapter registered\n[    0.371861] i2c i2c-0: can't use DMA, using PIO instead.\n[    0.375130] i2c i2c-1: IMX I2C adapter registered\n[    0.375243] i2c i2c-1: can't use DMA, using PIO instead.\n[    0.375715] Linux video capture interface: v2.00\n[    0.376298] pps_core: LinuxPPS API ver. 1 registered\n[    0.376342] pps_core: Software ver. 5.3.6 - Copyright 2005-2007 Rodolfo Giometti &lt;<a class=\"__cf_email__\" data-cfemail=\"95f2fcfaf8f0e1e1fcd5f9fcfbe0edbbfce1\" href=\"/cdn-cgi/l/email-protection\">[email protected]</a>&gt;\n[    0.376490] PTP clock support registered\n[    0.378804] Advanced Linux Sound Architecture Driver Initialized.\n[    0.386157] Bluetooth: Core ver 2.21\n[    0.386451] NET: Registered protocol family 31\n[    0.386493] Bluetooth: HCI device and connection manager initialized\n[    0.386657] Bluetooth: HCI socket layer initialized\n[    0.386750] Bluetooth: L2CAP socket layer initialized\n[    0.387093] Bluetooth: SCO socket layer initialized\n[    0.393353] clocksource: Switched to clocksource mxc_timer1\n[    0.394955] VFS: Disk quotas dquot_6.6.0\n[    0.395154] VFS: Dquot-cache hash table entries: 1024 (order 0, 4096 bytes)\n[    0.469809] NET: Registered protocol family 2\n[    0.473710] TCP established hash table entries: 2048 (order: 1, 8192 bytes)\n[    0.473882] TCP bind hash table entries: 2048 (order: 4, 73728 bytes)\n[    0.475577] TCP: Hash tables configured (established 2048 bind 2048)\n[    0.475951] UDP hash table entries: 256 (order: 2, 20480 bytes)\n[    0.476446] UDP-Lite hash table entries: 256 (order: 2, 20480 bytes)\n[    0.478586] NET: Registered protocol family 1\n[    0.481133] RPC: Registered named UNIX socket transport module.\n[    0.481189] RPC: Registered udp transport module.\n[    0.481223] RPC: Registered tcp transport module.\n[    0.481255] RPC: Registered tcp NFSv4.1 backchannel transport module.\n[    0.490799] futex hash table entries: 256 (order: 1, 11264 bytes)\n[    0.494511] workingset: timestamp_bits=30 max_order=16 bucket_order=0\n[    0.560068] NFS: Registering the id_resolver key type\n[    0.560501] Key type id_resolver registered\n[    0.560544] Key type id_legacy registered\n[    0.562075] fuse init (API version 7.25)\n[    0.587295] io scheduler noop registered\n[    0.587357] io scheduler deadline registered\n[    0.588550] io scheduler cfq registered (default)\n[    0.599626] lcd_backlight supply power not found, using dummy regulator\n[    0.636295] Console: switching to colour frame buffer device 100x30\n[    0.653101] mxsfb 21c8000.lcdif: initialized\n[    0.657898] imx-sdma 20ec000.sdma: Direct firmware load for imx/sdma/sdma-imx6q.bin failed with error -2\n[    0.657979] imx-sdma 20ec000.sdma: external firmware not found, using ROM firmware\n[    0.684856] 2020000.serial: ttymxc0 at MMIO 0x2020000 (irq = 18, base_baud = 5000000) is a IMX\n[    1.346291] console [ttymxc0] enabled\n[    1.354793] 2024000.serial: ttymxc7 at MMIO 0x2024000 (irq = 19, base_baud = 5000000) is a IMX\n[    1.367774] 21e8000.serial: ttymxc1 at MMIO 0x21e8000 (irq = 219, base_baud = 5000000) is a IMX\n[    1.459475] brd: module loaded\n[    1.508714] loop: module loaded\n[    1.523143] libphy: Fixed MDIO Bus: probed\n[    1.530081] tun: Universal TUN/TAP device driver, 1.6\n[    1.535280] tun: (C) 1999-2004 Max Krasnyansky &lt;<a class=\"__cf_email__\" data-cfemail=\"3e535f46557e4f4b5f525d515353105d5153\" href=\"/cdn-cgi/l/email-protection\">[email protected]</a>&gt;\n[    1.543022] CAN device driver interface\n[    1.554083] flexcan 2090000.flexcan: device registered (reg_base=d0988000, irq=23)\n[    1.567529] flexcan 2094000.flexcan: device registered (reg_base=d0990000, irq=24)\n[    1.585840] pps pps0: new PPS source ptp0\n[    1.592219] libphy: fec_enet_mii_bus: probed\n[    1.606885] fec 2188000.ethernet eth0: registered PHC device 0\n[    1.613883] ehci_hcd: USB 2.0 'Enhanced' Host Controller (EHCI) Driver\n[    1.620487] ehci-mxc: Freescale On-Chip EHCI Host driver\n[    1.628031] usbcore: registered new interface driver usb-storage\n[    1.647084] ci_hdrc ci_hdrc.0: EHCI Host Controller\n[    1.652843] ci_hdrc ci_hdrc.0: new USB bus registered, assigned bus number 1\n[    1.683587] ci_hdrc ci_hdrc.0: USB 2.0 started, EHCI 1.00\n[    1.698253] hub 1-0:1.0: USB hub found\n[    1.702545] hub 1-0:1.0: 1 port detected\n[    1.717618] mousedev: PS/2 mouse device common for all mice\n[    1.730961] input: iMX6UL Touchscreen Controller as /devices/soc0/soc/2000000.aips-bus/2040000.tsc/input/input0\n[    1.750908] snvs_rtc 20cc000.snvs:snvs-rtc-lp: rtc core: registered 20cc000.snvs:snvs-r as rtc0\n[    1.760393] i2c /dev entries driver\n[    1.769849] IR NEC protocol handler initialized\n[    1.774614] IR RC5(x/sz) protocol handler initialized\n[    1.779735] IR RC6 protocol handler initialized\n[    1.784383] IR JVC protocol handler initialized\n[    1.788975] IR Sony protocol handler initialized\n[    1.793698] IR SANYO protocol handler initialized\n[    1.798460] IR Sharp protocol handler initialized\n[    1.803216] IR MCE Keyboard/mouse protocol handler initialized\n[    1.809147] IR XMP protocol handler initialized\n[    1.818819] Driver for 1-wire Dallas network protocol.\n[    1.835814] imx2-wdt 20bc000.wdog: timeout 60 sec (nowayout=0)\n[    1.842347] Bluetooth: HCI UART driver ver 2.3\n[    1.846988] Bluetooth: HCI UART protocol H4 registered\n[    1.852186] Bluetooth: HCI UART protocol LL registered\n[    1.860610] sdhci: Secure Digital Host Controller Interface driver\n[    1.866985] sdhci: Copyright(c) Pierre Ossman\n[    1.871399] sdhci-pltfm: SDHCI platform and OF driver helper\n[    1.944150] mmc0: SDHCI controller on 2190000.usdhc [2190000.usdhc] using ADMA\n[    1.972370] sdhci-esdhc-imx 2194000.usdhc: allocated mmc-pwrseq\n[    2.049183] mmc0: new DDR MMC card at address 0001\n[    2.054202] mmc1: SDHCI controller on 2194000.usdhc [2194000.usdhc] using ADMA\n[    2.073896] usbcore: registered new interface driver usbhid\n[    2.079543] usbhid: USB HID core driver\n[    2.087169] mmcblk0: mmc0:0001 004G60 3.69 GiB\n[    2.091635] mmcblk0boot0: mmc0:0001 004G60 partition 1 2.00 MiB\n[    2.110057] mmcblk0boot1: mmc0:0001 004G60 partition 2 2.00 MiB\n[    2.124280] mmcblk0rpmb: mmc0:0001 004G60 partition 3 512 KiB\n[    2.127167] random: fast init done\n[    2.163821]  mmcblk0: p1 p2 p3\n[    2.202947] ad7291: probe of 0-002b failed with error -5\n[    2.219661] ad7291: probe of 0-0028 failed with error -5\n[    2.232817] ad7291: probe of 0-002c failed with error -5\n[    2.245991] ad7291: probe of 0-002e failed with error -5\n[    2.260294] ad7291: probe of 0-002f failed with error -5\n[    2.271157] ad7291: probe of 0-0020 failed with error -5\n[    2.277839] ad7291: probe of 0-0022 failed with error -5\n[    2.284355] ad7291: probe of 0-0023 failed with error -5\n[    2.290613] 0-0035 supply vcc not found, using dummy regulator\n[    2.332144] NET: Registered protocol family 10\n[    2.370320] sit: IPv6, IPv4 and MPLS over IPv4 tunneling driver\n[    2.391321] NET: Registered protocol family 17\n[    2.396669] bridge: automatic filtering via arp/ip/ip6tables has been deprecated. Update your scripts to load br_netfilter if you need this.\n[    2.409469] can: controller area network core (rev 20120528 abi 9)\n[    2.416208] NET: Registered protocol family 29\n[    2.420807] can: raw protocol (rev 20120528)\n[    2.427567] can: broadcast manager protocol (rev 20160617 t)\n[    2.433512] can: netlink gateway (rev 20130117) max_hops=1\n[    2.440819] Key type dns_resolver registered\n[    2.448746] cpu cpu0: dev_pm_opp_get_opp_count: OPP table not found (-19)\n[    2.511731] input: gpio-keys as /devices/soc0/gpio-keys/input/input1\n[    2.520111] snvs_rtc 20cc000.snvs:snvs-rtc-lp: setting system clock to 1970-01-01 00:09:20 UTC (560)\n[    2.615271] vdd3p0: disabling\n[    2.618343] 5V: disabling\n[    2.622018] ALSA device list:\n[    2.625126]   No soundcards found.\n[    2.641654] EXT4-fs (mmcblk0p2): INFO: recovery required on readonly filesystem\n[    2.650095] EXT4-fs (mmcblk0p2): write access will be enabled during recovery\n[    2.708695] EXT4-fs (mmcblk0p2): recovery complete\n[    2.717027] EXT4-fs (mmcblk0p2): mounted filesystem with ordered data mode. Opts: (null)\n[    2.725495] VFS: Mounted root (ext4 filesystem) readonly on device 179:2.\n[    2.736339] devtmpfs: mounted\n[    2.742408] Freeing unused kernel memory: 1024K (c0c00000 - c0d00000)\n[    2.857744] EXT4-fs (mmcblk0p2): re-mounted. Opts: data=ordered\n[    2.939440] EXT4-fs (mmcblk0p3): recovery complete\n[    2.945394] EXT4-fs (mmcblk0p3): mounted filesystem with ordered data mode. Opts: (null)\nStarting logging: OK\nStarting mdev...\nInitializing random number generator... done.\nStarting system message bus: done\nStarting network:
[    4.657851] Micrel KSZ8081 or KSZ8091 2188000.ethernet:01: attached PHY driver [Micrel KSZ8081 or KSZ8091] (mii_bus:phy_addr=2188000.ethernet:01, irq=145)\n[    4.676761] IPv6: ADDRCONF(NETDEV_UP): eth0: link is not ready\nudhcpc: started, v1.26.2\nudhcpc: sending discover\nudhcpc: sending discover\nudhcpc: sending discover\nudhcpc: no lease, failing\nFAIL\nStarting dropbear sshd: OK\nStarting lighttpd: OK\nStarting sshd: key_load_private: invalid format\nkey_load_public: invalid format\nCould not load host key: /etc/ssh/ssh_host_rsa_key\nkey_load_private: invalid format\nkey_load_public: invalid format\nCould not load host key: /etc/ssh/ssh_host_dsa_key\nkey_load_private: invalid format\nkey_load_public: invalid format\nCould not load host key: /etc/ssh/ssh_host_ecdsa_key\nkey_load_private: invalid format\nkey_load_public: invalid format\nCould not load host key: /etc/ssh/ssh_host_ed25519_key\nsshd: no hostkeys available -- exiting.\nOK\n/etc/init.d/rcS: line 26: /etc/init.d/S90init-carte-iminilide: Permission denied\nhwclock: settimeofday: Invalid argument\nhwclock :\nThu Jan  1 00:09:33 1970  0.000000 seconds\nhwclock -r :\nThu Jan  1 00:09:33 1970  0.000000 seconds\ndate :\nThu Jan  1 01:09:32 CET 1970\n\nWelcome to Armadeus development platform !\nopos6ul login:\n</code></pre>\n<p>And here are the available u-boot commands :</p>\n<pre><code>BIOS&gt; help\n?       - alias for 'help'\naskenv  - get environment variables from stdin\nbase    - print or set address offset\nbdinfo  - print Board Info structure\nbmode   - spi-nor|normal|usb|sata|ecspi1:0|ecspi1:1|ecspi1:2|ecspi1:3|esdhc1|esdhc2|esdhc3|esdhc4 [noreset]\nbmp     - manipulate BMP image data\nboot    - boot default, i.e., run 'bootcmd'\nbootd   - boot default, i.e., run 'bootcmd'\nbootefi - Boots an EFI payload from memory\n\nbootm   - boot application image from memory\nbootp   - boot image via network using BOOTP/TFTP protocol\nbootz   - boot Linux zImage image from memory\nclocks  - display clocks\ncmp     - memory compare\nconinfo - print console devices and information\ncp      - memory copy\ncrc32   - checksum calculation\ndhcp    - boot image via network using DHCP/TFTP protocol\ndm      - Driver model low level access\ndns     - lookup the IP of a hostname\necho    - echo args to console\neditenv - edit environment variable\nenv     - environment handling commands\nexit    - exit script\next2load- load binary file from a Ext2 filesystem\next2ls  - list files in a directory (default /)\next4load- load binary file from a Ext4 filesystem\next4ls  - list files in a directory (default /)\next4size- determine a file's size\next4write- create a file in the root directory\nfalse   - do nothing, unsuccessfully\nfatinfo - print information about filesystem\nfatload - load binary file from a dos filesystem\nfatls   - list files in a directory (default /)\nfatsize - determine a file's size\nfdt     - flattened device tree utility commands\nfstype  - Look up a filesystem type\nfuse    - Fuse sub-system\ngo      - start application at address 'addr'\ngpio    - query and control gpio pins\ngrepenv - search environment variables\nhelp    - print command description/usage\niminfo  - print header information for application image\nimxtract- extract a part of a multi-image\nitest   - return true/false on integer compare\nload    - load binary file from a filesystem\nloadb   - load binary file over serial line (kermit mode)\nloads   - load S-Record file over serial line\nloadx   - load binary file over serial line (xmodem mode)\nloady   - load binary file over serial line (ymodem mode)\nloop    - infinite loop on address range\nls      - list files in a directory (default /)\nmd      - memory display\nmdio    - MDIO utility commands\nmeminfo - display memory information\nmii     - MII utility commands\nmm      - memory modify (auto-incrementing address)\nmmc     - MMC sub system\nmmcinfo - display MMC info\nmtest   - simple RAM read/write test\nmw      - memory write (fill)\nnfs     - boot image via network using NFS protocol\nnm      - memory modify (constant address)\nping    - send ICMP ECHO_REQUEST to network host\nprintenv- print environment variables\nreset   - Perform RESET of the CPU\nrun     - run commands in an environment variable\nsave    - save file to a filesystem\nsaveenv - save environment variables to persistent storage\nsetenv  - set environment variables\nsetexpr - set environment variable as the result of eval expression\nshowvar - print local hushshell variables\nsize    - determine a file's size\nsleep   - delay execution for some time\nsource  - run script from memory\ntest    - minimal test like /bin/sh\ntftpboot- boot image via network using TFTP protocol\ntrue    - do nothing, successfully\nums     - Use the UMS [USB Mass Storage]\nusb     - USB sub-system\nusbboot - boot from USB device\nversion - print monitor, compiler and linker version\n</code></pre>\n</div>",
    "votes": "1",
    "answers": 2,
    "views": "706",
    "tags": [
        "dump"
    ],
    "user": "fdamien12",
    "time": "Jul 1, 2021 at 21:11",
    "comments": [
        {
            "user": "Kate",
            "text": "<span class=\"comment-copy\">Can you confirm that you have tried logging in as root with an <a href=\"http://www.armadeus.org/wiki/index.php?title=Setup\" rel=\"nofollow noreferrer\">empty password</a> ?</span>",
            "time": null
        },
        {
            "user": "fdamien12",
            "text": "<span class=\"comment-copy\">Yes, the SDK default password (root/empty password) was changed...</span>",
            "time": null
        },
        {
            "user": "0xC0000022L",
            "text": "<span class=\"comment-copy\">The <code>usbboot</code> option also seems promising. If you can find an image to boot, you could boot from USB and basically use the booted system to flash a fresh system, even backup the old one. If all you want is to gain access to the device, this is what I'd try. Next one would be a local BOOTP server against which I'd attempt a boot. Depending on your experience/skills either one of these could be faster for you.</span>",
            "time": null
        }
    ],
    "answers_data": [
        {
            "content": "<div class=\"s-prose js-post-body\" itemprop=\"text\">\n<p>I think the U-Boot console is a good entry point. Some ideas:</p>\n<ol>\n<li><p>Add <code>single</code> to the kernel command line to boot in single user mode (no password).</p>\n</li>\n<li><p>The mmc command could allow flash dumping.</p>\n</li>\n<li><p>ext2/ext4 commands could allow you to read the /etc/shadow file with the password hashes.</p>\n</li>\n</ol>\n</div>",
            "votes": "3",
            "user": "Igor Skochinsky",
            "time": "Jul 2, 2021 at 22:04",
            "is_accepted": true,
            "comments": []
        },
        {
            "content": "<div class=\"s-prose js-post-body\" itemprop=\"text\">\n<p>I managed to read /etc/passwd and /etc/shadow after adding \"single\" to command line parameters.</p>\n<p>However, I've read that the \"bootargs\" environment variable stored the parameters, but modifying it (with setenv) didn't changed anything.</p>\n<p>So after more careful reading of environment variabes, I've seen that I add to create a new variable called \"extrabootargs\" to add my parameters.</p>\n<p>Thanks.</p>\n</div>",
            "votes": "0",
            "user": "fdamien12",
            "time": "Jul 4, 2021 at 15:35",
            "is_accepted": false,
            "comments": []
        }
    ]
}